******************************************************************************
                     PRU Linker Unix v2.1.5                    
******************************************************************************
>> Linked Sat Sep 26 05:24:37 2020

OUTPUT FILE NAME:   <find_max.out>
ENTRY POINT SYMBOL: "_c_int00_noinit_noargs_noexit"  address: 000000ec


MEMORY CONFIGURATION

         name            origin    length      used     unused   attr    fill
----------------------  --------  ---------  --------  --------  ----  --------
PAGE 0:
  IRAM                  00000000   00002000  00000110  00001ef0    IX

PAGE 1:
  LOCAL                 00000000   00002000  00000107  00001ef9  RWI 
  SHARED                00010000   00003000  00000000  00003000  RWI 

PAGE 2:
  PEER                  00002000   00002000  00000000  00002000  RW  
  PRU_INTC              00020000   00001000  00000000  00001000  RW  
  PRU_CFG               00026000   00001000  00000000  00001000  RW  
  PRU_UART              00028000   00001000  00000038  00000fc8  RW  
  PRU_IEP               0002e000   00001000  00000000  00001000  RW  
  PRU_ECAP              00030000   00001000  00000060  00000fa0  RW  


SECTION ALLOCATION MAP

 output                                  attributes/
section   page    origin      length       input sections
--------  ----  ----------  ----------   ----------------
.text      0    00000000    00000110     
                  00000000    00000098     find_max.obj (.text:receive_measurement)
                  00000098    00000054     find_max.obj (.text:main)
                  000000ec    00000014     rtspruv3_le.lib : boot_special.obj (.text:_c_int00_noinit_noargs_noexit)
                  00000100    00000008                     : exit.obj (.text:abort)
                  00000108    00000008                     : exit.obj (.text:loader_exit)

.init_array 
*          1    00000000    00000000     UNINITIALIZED

.cinit     1    00000000    00000000     UNINITIALIZED

.bss       1    00000100    00000007     UNINITIALIZED
                  00000100    00000007     (.common:msg$1)

.stack     1    00000000    00000100     UNINITIALIZED
                  00000000    00000004     rtspruv3_le.lib : boot.obj (.stack)
                  00000004    000000fc     --HOLE--

.creg.PRU_UART.noload.near 
*          2    00028000    00000038     NOLOAD SECTION
                  00028000    00000038     find_max.obj (.creg.PRU_UART.noload.near)

.creg.PRU_UART.near 
*          2    00028038    00000000     UNINITIALIZED

.creg.PRU_UART.noload.far 
*          2    00028038    00000000     NOLOAD SECTION

.creg.PRU_UART.far 
*          2    00028038    00000000     UNINITIALIZED

.creg.PRU_ECAP.noload.near 
*          2    00030000    00000060     NOLOAD SECTION
                  00030000    00000060     find_max.obj (.creg.PRU_ECAP.noload.near)

.creg.PRU_ECAP.near 
*          2    00030060    00000000     UNINITIALIZED

.creg.PRU_ECAP.noload.far 
*          2    00030060    00000000     NOLOAD SECTION

.creg.PRU_ECAP.far 
*          2    00030060    00000000     UNINITIALIZED


SEGMENT ATTRIBUTES

    id tag      seg value
    -- ---      --- -----
     0 PHA_PAGE 1   1    


GLOBAL SYMBOLS: SORTED ALPHABETICALLY BY Name 

page  address   name                         
----  -------   ----                         
0     00000108  C$$EXIT                      
2     00030000  CT_ECAP                      
2     00028000  CT_UART                      
abs   00000000  __PRU_CREG_BASE_LOCAL        
abs   00002000  __PRU_CREG_BASE_PEER         
abs   00026000  __PRU_CREG_BASE_PRU_CFG      
abs   00030000  __PRU_CREG_BASE_PRU_ECAP     
abs   0002e000  __PRU_CREG_BASE_PRU_IEP      
abs   00020000  __PRU_CREG_BASE_PRU_INTC     
abs   00028000  __PRU_CREG_BASE_PRU_UART     
abs   00010000  __PRU_CREG_BASE_SHARED       
abs   00000018  __PRU_CREG_LOCAL             
abs   00000019  __PRU_CREG_PEER              
abs   00000004  __PRU_CREG_PRU_CFG           
abs   00000003  __PRU_CREG_PRU_ECAP          
abs   0000001a  __PRU_CREG_PRU_IEP           
abs   00000000  __PRU_CREG_PRU_INTC          
abs   00000007  __PRU_CREG_PRU_UART          
abs   0000001c  __PRU_CREG_SHARED            
1     00000100  __TI_STACK_END               
abs   00000100  __TI_STACK_SIZE              
abs   ffffffff  __binit__                    
abs   ffffffff  __c_args__                   
0     000000ec  _c_int00_noinit_noargs_noexit
1     00000000  _stack                       
0     00000100  abort                        
abs   ffffffff  binit                        
0     00000098  main                         
0     00000000  receive_measurement          


GLOBAL SYMBOLS: SORTED BY Symbol Address 

page  address   name                         
----  -------   ----                         
0     00000000  receive_measurement          
0     00000098  main                         
0     000000ec  _c_int00_noinit_noargs_noexit
0     00000100  abort                        
0     00000108  C$$EXIT                      
1     00000000  _stack                       
1     00000100  __TI_STACK_END               
2     00028000  CT_UART                      
2     00030000  CT_ECAP                      
abs   00000000  __PRU_CREG_BASE_LOCAL        
abs   00000000  __PRU_CREG_PRU_INTC          
abs   00000003  __PRU_CREG_PRU_ECAP          
abs   00000004  __PRU_CREG_PRU_CFG           
abs   00000007  __PRU_CREG_PRU_UART          
abs   00000018  __PRU_CREG_LOCAL             
abs   00000019  __PRU_CREG_PEER              
abs   0000001a  __PRU_CREG_PRU_IEP           
abs   0000001c  __PRU_CREG_SHARED            
abs   00000100  __TI_STACK_SIZE              
abs   00002000  __PRU_CREG_BASE_PEER         
abs   00010000  __PRU_CREG_BASE_SHARED       
abs   00020000  __PRU_CREG_BASE_PRU_INTC     
abs   00026000  __PRU_CREG_BASE_PRU_CFG      
abs   00028000  __PRU_CREG_BASE_PRU_UART     
abs   0002e000  __PRU_CREG_BASE_PRU_IEP      
abs   00030000  __PRU_CREG_BASE_PRU_ECAP     
abs   ffffffff  __binit__                    
abs   ffffffff  __c_args__                   
abs   ffffffff  binit                        

[29 symbols]
